# serializer version: 1
# name: test_snapshot_input_activations_original_and_quantized
  '''
  CallModule(caller=Linear, args=[InputRef(x)], kwargs={}, target=NodeRef(fc1), contexts=[_disable_quantization], cache=True, input_location=None, output_location=None)
  CallModule(caller=SiLU, args=[NodeRef(fc1)], kwargs={}, target=NodeRef(act), contexts=[_disable_quantization], cache=True, input_location=None, output_location=None)
  CallModule(caller=Linear, args=[InputRef(x)], kwargs={}, target=NodeRef(fc1), contexts=[_quantized_context], cache=False, input_location=None, output_location=None)
  CallModule(caller=SiLU, args=[NodeRef(fc1)], kwargs={}, target=NodeRef(act), contexts=[_quantized_context], cache=False, input_location=None, output_location=None)
  CallDelegate(fn=_noop, module=Linear, args=[NodeRef(act), NodeRef(act)], kwargs={}, contexts=[_disable_quantization, _quantized_context], targets=[])
  '''
# ---
# name: test_snapshot_input_activations_original_on_every_linear
  '''
  CallModule(caller=Linear, args=[InputRef(x)], kwargs={}, target=NodeRef(layer_0.attn.q_proj), contexts=[_disable_quantization], cache=True, input_location=None, output_location=None)
  CallDelegate(fn=optimize<layer_0.attn.q_proj>, module=Linear, args=[InputRef(x)], kwargs={}, contexts=[_disable_quantization], targets=[])
  CallModule(caller=Linear, args=[InputRef(x)], kwargs={}, target=NodeRef(layer_0.attn.k_proj), contexts=[_disable_quantization], cache=True, input_location=None, output_location=None)
  CallDelegate(fn=optimize<layer_0.attn.k_proj>, module=Linear, args=[InputRef(x)], kwargs={}, contexts=[_disable_quantization], targets=[])
  CallModule(caller=Linear, args=[InputRef(x)], kwargs={}, target=NodeRef(layer_0.attn.v_proj), contexts=[_disable_quantization], cache=True, input_location=None, output_location=None)
  CallDelegate(fn=optimize<layer_0.attn.v_proj>, module=Linear, args=[InputRef(x)], kwargs={}, contexts=[_disable_quantization], targets=[])
  CallModule(caller=scaled_dot_product_attention, args=[NodeRef(layer_0.attn.q_proj), NodeRef(layer_0.attn.k_proj), NodeRef(layer_0.attn.v_proj)], kwargs={}, target=NodeRef(layer_0.attn.sdpa), contexts=[_disable_quantization], cache=True, input_location=None, output_location=None)
  CallModule(caller=Linear, args=[NodeRef(layer_0.attn.sdpa)], kwargs={}, target=NodeRef(layer_0.attn.out_proj), contexts=[_disable_quantization], cache=True, input_location=None, output_location=None)
  CallDelegate(fn=optimize<layer_0.attn.out_proj>, module=Linear, args=[NodeRef(layer_0.attn.sdpa)], kwargs={}, contexts=[_disable_quantization], targets=[])
  CallModule(caller=Linear, args=[NodeRef(layer_0.attn.out_proj)], kwargs={}, target=NodeRef(layer_0.mlp.up), contexts=[_disable_quantization], cache=True, input_location=None, output_location=None)
  CallDelegate(fn=optimize<layer_0.mlp.up>, module=Linear, args=[NodeRef(layer_0.attn.out_proj)], kwargs={}, contexts=[_disable_quantization], targets=[])
  CallModule(caller=relu, args=[NodeRef(layer_0.mlp.up)], kwargs={}, target=NodeRef(layer_0.mlp.act), contexts=[_disable_quantization], cache=True, input_location=None, output_location=None)
  CallModule(caller=Linear, args=[NodeRef(layer_0.mlp.act)], kwargs={}, target=NodeRef(layer_0.mlp.down), contexts=[_disable_quantization], cache=True, input_location=None, output_location=None)
  CallDelegate(fn=optimize<layer_0.mlp.down>, module=Linear, args=[NodeRef(layer_0.mlp.act)], kwargs={}, contexts=[_disable_quantization], targets=[])
  CallModule(caller=Linear, args=[NodeRef(layer_0.mlp.down)], kwargs={}, target=NodeRef(layer_1.attn.q_proj), contexts=[_disable_quantization], cache=True, input_location=None, output_location=None)
  CallDelegate(fn=optimize<layer_1.attn.q_proj>, module=Linear, args=[NodeRef(layer_0.mlp.down)], kwargs={}, contexts=[_disable_quantization], targets=[])
  CallModule(caller=Linear, args=[NodeRef(layer_0.mlp.down)], kwargs={}, target=NodeRef(layer_1.attn.k_proj), contexts=[_disable_quantization], cache=True, input_location=None, output_location=None)
  CallDelegate(fn=optimize<layer_1.attn.k_proj>, module=Linear, args=[NodeRef(layer_0.mlp.down)], kwargs={}, contexts=[_disable_quantization], targets=[])
  CallModule(caller=Linear, args=[NodeRef(layer_0.mlp.down)], kwargs={}, target=NodeRef(layer_1.attn.v_proj), contexts=[_disable_quantization], cache=True, input_location=None, output_location=None)
  CallDelegate(fn=optimize<layer_1.attn.v_proj>, module=Linear, args=[NodeRef(layer_0.mlp.down)], kwargs={}, contexts=[_disable_quantization], targets=[])
  CallModule(caller=scaled_dot_product_attention, args=[NodeRef(layer_1.attn.q_proj), NodeRef(layer_1.attn.k_proj), NodeRef(layer_1.attn.v_proj)], kwargs={}, target=NodeRef(layer_1.attn.sdpa), contexts=[_disable_quantization], cache=True, input_location=None, output_location=None)
  CallModule(caller=Linear, args=[NodeRef(layer_1.attn.sdpa)], kwargs={}, target=NodeRef(layer_1.attn.out_proj), contexts=[_disable_quantization], cache=True, input_location=None, output_location=None)
  CallDelegate(fn=optimize<layer_1.attn.out_proj>, module=Linear, args=[NodeRef(layer_1.attn.sdpa)], kwargs={}, contexts=[_disable_quantization], targets=[])
  CallModule(caller=Linear, args=[NodeRef(layer_1.attn.out_proj)], kwargs={}, target=NodeRef(layer_1.mlp.up), contexts=[_disable_quantization], cache=True, input_location=None, output_location=None)
  CallDelegate(fn=optimize<layer_1.mlp.up>, module=Linear, args=[NodeRef(layer_1.attn.out_proj)], kwargs={}, contexts=[_disable_quantization], targets=[])
  CallModule(caller=relu, args=[NodeRef(layer_1.mlp.up)], kwargs={}, target=NodeRef(layer_1.mlp.act), contexts=[_disable_quantization], cache=True, input_location=None, output_location=None)
  CallDelegate(fn=optimize<layer_1.mlp.down>, module=Linear, args=[NodeRef(layer_1.mlp.act)], kwargs={}, contexts=[_disable_quantization], targets=[])
  '''
# ---
# name: test_snapshot_input_activations_original_on_reduced_folds
  '''
  CallModule(caller=SmallAttn, args=[InputRef(x)], kwargs={}, target=NodeRef(layer_0.attn), contexts=[_disable_quantization], cache=True, input_location=None, output_location=None)
  CallDelegate(fn=optimize<layer_0.attn>, module=SmallAttn, args=[InputRef(x)], kwargs={}, contexts=[_disable_quantization], targets=[])
  CallModule(caller=SmallMLP, args=[NodeRef(layer_0.attn)], kwargs={}, target=NodeRef(layer_0.mlp), contexts=[_disable_quantization], cache=True, input_location=None, output_location=None)
  CallDelegate(fn=optimize<layer_0.mlp>, module=SmallMLP, args=[NodeRef(layer_0.attn)], kwargs={}, contexts=[_disable_quantization], targets=[])
  CallDelegate(fn=optimize<layer_1.attn>, module=SmallAttn, args=[NodeRef(layer_0.mlp)], kwargs={}, contexts=[_disable_quantization], targets=[])
  '''
# ---
# name: test_snapshot_input_activations_quantized_on_every_linear
  '''
  CallDelegate(fn=optimize<layer_0.attn.q_proj>, module=Linear, args=[InputRef(x)], kwargs={}, contexts=[_quantized_context], targets=[])
  CallDelegate(fn=optimize<layer_0.attn.k_proj>, module=Linear, args=[InputRef(x)], kwargs={}, contexts=[_quantized_context], targets=[])
  CallDelegate(fn=optimize<layer_0.attn.v_proj>, module=Linear, args=[InputRef(x)], kwargs={}, contexts=[_quantized_context], targets=[])
  CallModule(caller=Linear, args=[InputRef(x)], kwargs={}, target=NodeRef(layer_0.attn.q_proj), contexts=[_quantized_context], cache=True, input_location=None, output_location=None)
  CallModule(caller=Linear, args=[InputRef(x)], kwargs={}, target=NodeRef(layer_0.attn.k_proj), contexts=[_quantized_context], cache=True, input_location=None, output_location=None)
  CallModule(caller=Linear, args=[InputRef(x)], kwargs={}, target=NodeRef(layer_0.attn.v_proj), contexts=[_quantized_context], cache=True, input_location=None, output_location=None)
  CallModule(caller=scaled_dot_product_attention, args=[NodeRef(layer_0.attn.q_proj), NodeRef(layer_0.attn.k_proj), NodeRef(layer_0.attn.v_proj)], kwargs={}, target=NodeRef(layer_0.attn.sdpa), contexts=[_quantized_context], cache=True, input_location=None, output_location=None)
  CallDelegate(fn=optimize<layer_0.attn.out_proj>, module=Linear, args=[NodeRef(layer_0.attn.sdpa)], kwargs={}, contexts=[_quantized_context], targets=[])
  CallModule(caller=Linear, args=[NodeRef(layer_0.attn.sdpa)], kwargs={}, target=NodeRef(layer_0.attn.out_proj), contexts=[_quantized_context], cache=True, input_location=None, output_location=None)
  CallDelegate(fn=optimize<layer_0.mlp.up>, module=Linear, args=[NodeRef(layer_0.attn.out_proj)], kwargs={}, contexts=[_quantized_context], targets=[])
  CallModule(caller=Linear, args=[NodeRef(layer_0.attn.out_proj)], kwargs={}, target=NodeRef(layer_0.mlp.up), contexts=[_quantized_context], cache=True, input_location=None, output_location=None)
  CallModule(caller=relu, args=[NodeRef(layer_0.mlp.up)], kwargs={}, target=NodeRef(layer_0.mlp.act), contexts=[_quantized_context], cache=True, input_location=None, output_location=None)
  CallDelegate(fn=optimize<layer_0.mlp.down>, module=Linear, args=[NodeRef(layer_0.mlp.act)], kwargs={}, contexts=[_quantized_context], targets=[])
  CallModule(caller=Linear, args=[NodeRef(layer_0.mlp.act)], kwargs={}, target=NodeRef(layer_0.mlp.down), contexts=[_quantized_context], cache=True, input_location=None, output_location=None)
  CallDelegate(fn=optimize<layer_1.attn.q_proj>, module=Linear, args=[NodeRef(layer_0.mlp.down)], kwargs={}, contexts=[_quantized_context], targets=[])
  CallDelegate(fn=optimize<layer_1.attn.k_proj>, module=Linear, args=[NodeRef(layer_0.mlp.down)], kwargs={}, contexts=[_quantized_context], targets=[])
  CallDelegate(fn=optimize<layer_1.attn.v_proj>, module=Linear, args=[NodeRef(layer_0.mlp.down)], kwargs={}, contexts=[_quantized_context], targets=[])
  CallModule(caller=Linear, args=[NodeRef(layer_0.mlp.down)], kwargs={}, target=NodeRef(layer_1.attn.q_proj), contexts=[_quantized_context], cache=True, input_location=None, output_location=None)
  CallModule(caller=Linear, args=[NodeRef(layer_0.mlp.down)], kwargs={}, target=NodeRef(layer_1.attn.k_proj), contexts=[_quantized_context], cache=True, input_location=None, output_location=None)
  CallModule(caller=Linear, args=[NodeRef(layer_0.mlp.down)], kwargs={}, target=NodeRef(layer_1.attn.v_proj), contexts=[_quantized_context], cache=True, input_location=None, output_location=None)
  CallModule(caller=scaled_dot_product_attention, args=[NodeRef(layer_1.attn.q_proj), NodeRef(layer_1.attn.k_proj), NodeRef(layer_1.attn.v_proj)], kwargs={}, target=NodeRef(layer_1.attn.sdpa), contexts=[_quantized_context], cache=True, input_location=None, output_location=None)
  CallDelegate(fn=optimize<layer_1.attn.out_proj>, module=Linear, args=[NodeRef(layer_1.attn.sdpa)], kwargs={}, contexts=[_quantized_context], targets=[])
  CallModule(caller=Linear, args=[NodeRef(layer_1.attn.sdpa)], kwargs={}, target=NodeRef(layer_1.attn.out_proj), contexts=[_quantized_context], cache=True, input_location=None, output_location=None)
  CallDelegate(fn=optimize<layer_1.mlp.up>, module=Linear, args=[NodeRef(layer_1.attn.out_proj)], kwargs={}, contexts=[_quantized_context], targets=[])
  CallModule(caller=Linear, args=[NodeRef(layer_1.attn.out_proj)], kwargs={}, target=NodeRef(layer_1.mlp.up), contexts=[_quantized_context], cache=True, input_location=None, output_location=None)
  CallModule(caller=relu, args=[NodeRef(layer_1.mlp.up)], kwargs={}, target=NodeRef(layer_1.mlp.act), contexts=[_quantized_context], cache=True, input_location=None, output_location=None)
  CallDelegate(fn=optimize<layer_1.mlp.down>, module=Linear, args=[NodeRef(layer_1.mlp.act)], kwargs={}, contexts=[_quantized_context], targets=[])
  '''
# ---
# name: test_snapshot_input_activations_quantized_on_reduced_folds
  '''
  CallDelegate(fn=optimize<layer_0.attn>, module=SmallAttn, args=[InputRef(x)], kwargs={}, contexts=[_quantized_context], targets=[])
  CallModule(caller=SmallAttn, args=[InputRef(x)], kwargs={}, target=NodeRef(layer_0.attn), contexts=[_quantized_context], cache=True, input_location=None, output_location=None)
  CallDelegate(fn=optimize<layer_0.mlp>, module=SmallMLP, args=[NodeRef(layer_0.attn)], kwargs={}, contexts=[_quantized_context], targets=[])
  CallModule(caller=SmallMLP, args=[NodeRef(layer_0.attn)], kwargs={}, target=NodeRef(layer_0.mlp), contexts=[_quantized_context], cache=True, input_location=None, output_location=None)
  CallDelegate(fn=optimize<layer_1.attn>, module=SmallAttn, args=[NodeRef(layer_0.mlp)], kwargs={}, contexts=[_quantized_context], targets=[])
  '''
# ---
